Found 2 candidates:
  func Lstat(name string) (os.FileInfo, error)
  func Stat(name string) (os.FileInfo, error)
